
Warning-[LNX_OS_VERUN] Unsupported Linux version
  Linux version 'Rocky Linux release 8.10 (Green Obsidian)' is not supported 
  on 'x86_64' officially, assuming linux compatibility by default. Set 
  VCS_ARCH_OVERRIDE to linux or suse32 to override.
  Please refer to release notes for information on supported platforms.

                         Chronologic VCS (TM)
       Version U-2023.03-SP2_Full64 -- Fri May 15 13:14:50 2026

                    Copyright (c) 1991 - 2023 Synopsys, Inc.
   This software and the associated documentation are proprietary to Synopsys,
 Inc. This software may only be used in accordance with the terms and conditions
 of a written license agreement with Synopsys, Inc. All other use, reproduction,
   or distribution of this software is strictly prohibited.  Licensed Products
     communicate with Synopsys servers for the purpose of providing software
    updates, detecting software piracy and verifying that customers are using
    Licensed Products in conformity with the applicable License Key for such
  Licensed Products. Synopsys will use information gathered in connection with
    this process to deliver software updates and pursue software pirates and
                                   infringers.

 Inclusivity & Diversity - Visit SolvNetPlus to read the "Synopsys Statement on
            Inclusivity and Diversity" (Refer to article 000036315 at
                        https://solvnetplus.synopsys.com)

./run.sh: line 28: 698401 Killed                  vcs -full64 -sverilog -ntb_opts uvm-1.2 +incdir+$VCS_HOME/etc/uvm-1.2/src +incdir+../tb +incdir+../tb/sequences +incdir+../test $VCS_HOME/etc/uvm-1.2/src/uvm_pkg.sv +define+SIMULATION -timescale=1ns/1ps ../rtl/axi_lite_slave.sv ../tb/axi_if.sv ../tb/axi_sva.sv ../tb/axi_pkg.sv ../tb/axi_tb_top.sv -top axi_tb_top -l compile.log -o simv
