  CREATE_STREAM @0 {NAME:wseq T:Transactions SCOPE:uvm_test_top.env.agent.sequencer STREAM:650}
  CREATE_STREAM @0 {NAME:wseq T:Transactions SCOPE:uvm_test_top.env.agent.sequencer STREAM:650}
  CREATE_STREAM @0 {NAME:wseq T:Transactions SCOPE:uvm_test_top.env.agent.sequencer STREAM:650}
  CREATE_STREAM @0 {NAME:wseq T:Transactions SCOPE:uvm_test_top.env.agent.sequencer STREAM:650}
  CREATE_STREAM @0 {NAME:wseq T:Transactions SCOPE:uvm_test_top.env.agent.sequencer STREAM:650}
  CREATE_STREAM @0 {NAME:wseq T:Transactions SCOPE:uvm_test_top.env.agent.sequencer STREAM:650}
  CREATE_STREAM @0 {NAME:wseq T:Transactions SCOPE:uvm_test_top.env.agent.sequencer STREAM:650}
  CREATE_STREAM @0 {NAME:wseq T:Transactions SCOPE:uvm_test_top.env.agent.sequencer STREAM:650}
  CREATE_STREAM @0 {NAME:wseq T:Transactions SCOPE:uvm_test_top.env.agent.sequencer STREAM:650}
  CREATE_STREAM @0 {NAME:wseq T:Transactions SCOPE:uvm_test_top.env.agent.sequencer STREAM:650}
  CREATE_STREAM @0 {NAME:wseq T:Transactions SCOPE:uvm_test_top.env.agent.sequencer STREAM:656}
  CREATE_STREAM @0 {NAME:wseq T:Transactions SCOPE:uvm_test_top.env.agent.sequencer STREAM:652}
  CREATE_STREAM @0 {NAME:wseq T:Transactions SCOPE:uvm_test_top.env.agent.sequencer STREAM:652}
  CREATE_STREAM @0 {NAME:wseq T:Transactions SCOPE:uvm_test_top.env.agent.sequencer STREAM:650}
  CREATE_STREAM @0 {NAME:wseq T:Transactions SCOPE:uvm_test_top.env.agent.sequencer STREAM:650}
  CREATE_STREAM @1025000 {NAME:rseq T:Transactions SCOPE:uvm_test_top.env.agent.sequencer STREAM:891}
  CREATE_STREAM @1625000 {NAME:wrseq T:Transactions SCOPE:uvm_test_top.env.agent.sequencer STREAM:1095}
  CREATE_STREAM @1945000 {NAME:sseq T:Transactions SCOPE:uvm_test_top.env.agent.sequencer STREAM:1179}
  CREATE_STREAM @0 {NAME:wseq T:Transactions SCOPE:uvm_test_top.env.agent.sequencer STREAM:650}
  CREATE_STREAM @1025000 {NAME:rseq T:Transactions SCOPE:uvm_test_top.env.agent.sequencer STREAM:891}
  CREATE_STREAM @2225000 {NAME:wrseq T:Transactions SCOPE:uvm_test_top.env.agent.sequencer STREAM:1295}
  CREATE_STREAM @2545000 {NAME:sseq T:Transactions SCOPE:uvm_test_top.env.agent.sequencer STREAM:1379}
  CREATE_STREAM @0 {NAME:wseq T:Transactions SCOPE:uvm_test_top.env.agent.sequencer STREAM:650}
  CREATE_STREAM @1025000 {NAME:rseq T:Transactions SCOPE:uvm_test_top.env.agent.sequencer STREAM:891}
  CREATE_STREAM @3425000 {NAME:wrseq T:Transactions SCOPE:uvm_test_top.env.agent.sequencer STREAM:1695}
  CREATE_STREAM @3745000 {NAME:sseq T:Transactions SCOPE:uvm_test_top.env.agent.sequencer STREAM:1779}
  CREATE_STREAM @0 {NAME:wseq T:Transactions SCOPE:uvm_test_top.env.agent.sequencer STREAM:650}
  CREATE_STREAM @1025000 {NAME:rseq T:Transactions SCOPE:uvm_test_top.env.agent.sequencer STREAM:891}
  CREATE_STREAM @3425000 {NAME:wrseq T:Transactions SCOPE:uvm_test_top.env.agent.sequencer STREAM:1695}
  CREATE_STREAM @3745000 {NAME:sseq T:Transactions SCOPE:uvm_test_top.env.agent.sequencer STREAM:1779}
  CREATE_STREAM @0 {NAME:wseq T:Transactions SCOPE:uvm_test_top.env.agent.sequencer STREAM:650}
  CREATE_STREAM @1025000 {NAME:rseq T:Transactions SCOPE:uvm_test_top.env.agent.sequencer STREAM:891}
  CREATE_STREAM @3425000 {NAME:wrseq T:Transactions SCOPE:uvm_test_top.env.agent.sequencer STREAM:1695}
  CREATE_STREAM @3745000 {NAME:sseq T:Transactions SCOPE:uvm_test_top.env.agent.sequencer STREAM:1779}
  CREATE_STREAM @0 {NAME:wseq T:Transactions SCOPE:uvm_test_top.env.agent.sequencer STREAM:650}
  CREATE_STREAM @1025000 {NAME:rseq T:Transactions SCOPE:uvm_test_top.env.agent.sequencer STREAM:891}
  CREATE_STREAM @3425000 {NAME:wrseq T:Transactions SCOPE:uvm_test_top.env.agent.sequencer STREAM:1695}
  CREATE_STREAM @3745000 {NAME:sseq T:Transactions SCOPE:uvm_test_top.env.agent.sequencer STREAM:1779}
  CREATE_STREAM @0 {NAME:wseq T:Transactions SCOPE:uvm_test_top.env.agent.sequencer STREAM:650}
  CREATE_STREAM @1025000 {NAME:rseq T:Transactions SCOPE:uvm_test_top.env.agent.sequencer STREAM:891}
  CREATE_STREAM @3425000 {NAME:wrseq T:Transactions SCOPE:uvm_test_top.env.agent.sequencer STREAM:1695}
  CREATE_STREAM @3745000 {NAME:sseq T:Transactions SCOPE:uvm_test_top.env.agent.sequencer STREAM:1779}
  CREATE_STREAM @0 {NAME:wseq T:Transactions SCOPE:uvm_test_top.env.agent.sequencer STREAM:650}
  CREATE_STREAM @2025000 {NAME:rseq T:Transactions SCOPE:uvm_test_top.env.agent.sequencer STREAM:1091}
  CREATE_STREAM @4425000 {NAME:wrseq T:Transactions SCOPE:uvm_test_top.env.agent.sequencer STREAM:1895}
  CREATE_STREAM @4745000 {NAME:sseq T:Transactions SCOPE:uvm_test_top.env.agent.sequencer STREAM:1979}
  CREATE_STREAM @0 {NAME:wseq T:Transactions SCOPE:uvm_test_top.env.agent.sequencer STREAM:650}
  CREATE_STREAM @1025000 {NAME:rseq T:Transactions SCOPE:uvm_test_top.env.agent.sequencer STREAM:891}
  CREATE_STREAM @3425000 {NAME:wrseq T:Transactions SCOPE:uvm_test_top.env.agent.sequencer STREAM:1695}
  CREATE_STREAM @3745000 {NAME:sseq T:Transactions SCOPE:uvm_test_top.env.agent.sequencer STREAM:1779}
  CREATE_STREAM @0 {NAME:wseq T:Transactions SCOPE:uvm_test_top.env.agent.sequencer STREAM:650}
  CREATE_STREAM @1025000 {NAME:rseq T:Transactions SCOPE:uvm_test_top.env.agent.sequencer STREAM:891}
  CREATE_STREAM @3425000 {NAME:wrseq T:Transactions SCOPE:uvm_test_top.env.agent.sequencer STREAM:1695}
  CREATE_STREAM @3745000 {NAME:sseq T:Transactions SCOPE:uvm_test_top.env.agent.sequencer STREAM:1779}
  CREATE_STREAM @0 {NAME:wseq T:Transactions SCOPE:uvm_test_top.env.agent.sequencer STREAM:650}
  CREATE_STREAM @1025000 {NAME:rseq T:Transactions SCOPE:uvm_test_top.env.agent.sequencer STREAM:891}
  CREATE_STREAM @3425000 {NAME:wrseq T:Transactions SCOPE:uvm_test_top.env.agent.sequencer STREAM:1695}
  CREATE_STREAM @3745000 {NAME:sseq T:Transactions SCOPE:uvm_test_top.env.agent.sequencer STREAM:1779}
  CREATE_STREAM @0 {NAME:wseq T:Transactions SCOPE:uvm_test_top.env.agent.sequencer STREAM:650}
  CREATE_STREAM @1025000 {NAME:rseq T:Transactions SCOPE:uvm_test_top.env.agent.sequencer STREAM:891}
  CREATE_STREAM @3425000 {NAME:wrseq T:Transactions SCOPE:uvm_test_top.env.agent.sequencer STREAM:1695}
  CREATE_STREAM @3745000 {NAME:sseq T:Transactions SCOPE:uvm_test_top.env.agent.sequencer STREAM:1779}
  CREATE_STREAM @0 {NAME:wseq T:Transactions SCOPE:uvm_test_top.env.agent.sequencer STREAM:650}
  CREATE_STREAM @1025000 {NAME:rseq T:Transactions SCOPE:uvm_test_top.env.agent.sequencer STREAM:891}
  CREATE_STREAM @3425000 {NAME:wrseq T:Transactions SCOPE:uvm_test_top.env.agent.sequencer STREAM:1695}
  CREATE_STREAM @3745000 {NAME:sseq T:Transactions SCOPE:uvm_test_top.env.agent.sequencer STREAM:1779}
  CREATE_STREAM @0 {NAME:wseq T:Transactions SCOPE:uvm_test_top.env.agent.sequencer STREAM:650}
  CREATE_STREAM @1025000 {NAME:rseq T:Transactions SCOPE:uvm_test_top.env.agent.sequencer STREAM:891}
  CREATE_STREAM @3425000 {NAME:wrseq T:Transactions SCOPE:uvm_test_top.env.agent.sequencer STREAM:1695}
  CREATE_STREAM @3745000 {NAME:sseq T:Transactions SCOPE:uvm_test_top.env.agent.sequencer STREAM:1779}
  CREATE_STREAM @0 {NAME:wseq T:Transactions SCOPE:uvm_test_top.env.agent.sequencer STREAM:650}
  CREATE_STREAM @1025000 {NAME:rseq T:Transactions SCOPE:uvm_test_top.env.agent.sequencer STREAM:891}
  CREATE_STREAM @3425000 {NAME:wrseq T:Transactions SCOPE:uvm_test_top.env.agent.sequencer STREAM:1695}
  CREATE_STREAM @3745000 {NAME:sseq T:Transactions SCOPE:uvm_test_top.env.agent.sequencer STREAM:1779}
  CREATE_STREAM @0 {NAME:wseq T:Transactions SCOPE:uvm_test_top.env.agent.sequencer STREAM:650}
  CREATE_STREAM @1025000 {NAME:rseq T:Transactions SCOPE:uvm_test_top.env.agent.sequencer STREAM:891}
  CREATE_STREAM @3425000 {NAME:wrseq T:Transactions SCOPE:uvm_test_top.env.agent.sequencer STREAM:1695}
  CREATE_STREAM @3745000 {NAME:sseq T:Transactions SCOPE:uvm_test_top.env.agent.sequencer STREAM:1779}
  CREATE_STREAM @0 {NAME:wseq T:Transactions SCOPE:uvm_test_top.env.agent.sequencer STREAM:650}
  CREATE_STREAM @1025000 {NAME:rseq T:Transactions SCOPE:uvm_test_top.env.agent.sequencer STREAM:891}
  CREATE_STREAM @3425000 {NAME:wrseq T:Transactions SCOPE:uvm_test_top.env.agent.sequencer STREAM:1695}
  CREATE_STREAM @3745000 {NAME:sseq T:Transactions SCOPE:uvm_test_top.env.agent.sequencer STREAM:1779}
  CREATE_STREAM @0 {NAME:wseq T:Transactions SCOPE:uvm_test_top.env.agent.sequencer STREAM:650}
  CREATE_STREAM @1025000 {NAME:rseq T:Transactions SCOPE:uvm_test_top.env.agent.sequencer STREAM:891}
  CREATE_STREAM @3425000 {NAME:wrseq T:Transactions SCOPE:uvm_test_top.env.agent.sequencer STREAM:1695}
  CREATE_STREAM @3745000 {NAME:sseq T:Transactions SCOPE:uvm_test_top.env.agent.sequencer STREAM:1779}
  CREATE_STREAM @0 {NAME:wseq T:Transactions SCOPE:uvm_test_top.env.agent.sequencer STREAM:650}
  CREATE_STREAM @1025000 {NAME:rseq T:Transactions SCOPE:uvm_test_top.env.agent.sequencer STREAM:891}
  CREATE_STREAM @3425000 {NAME:wrseq T:Transactions SCOPE:uvm_test_top.env.agent.sequencer STREAM:1695}
  CREATE_STREAM @3745000 {NAME:sseq T:Transactions SCOPE:uvm_test_top.env.agent.sequencer STREAM:1779}
  CREATE_STREAM @0 {NAME:wseq T:Transactions SCOPE:uvm_test_top.env.agent.sequencer STREAM:650}
  CREATE_STREAM @1025000 {NAME:rseq T:Transactions SCOPE:uvm_test_top.env.agent.sequencer STREAM:891}
  CREATE_STREAM @3425000 {NAME:wrseq T:Transactions SCOPE:uvm_test_top.env.agent.sequencer STREAM:1695}
  CREATE_STREAM @3745000 {NAME:sseq T:Transactions SCOPE:uvm_test_top.env.agent.sequencer STREAM:1779}
  CREATE_STREAM @0 {NAME:wseq T:Transactions SCOPE:uvm_test_top.env.agent.sequencer STREAM:650}
  CREATE_STREAM @1025000 {NAME:rseq T:Transactions SCOPE:uvm_test_top.env.agent.sequencer STREAM:891}
  CREATE_STREAM @3425000 {NAME:wrseq T:Transactions SCOPE:uvm_test_top.env.agent.sequencer STREAM:1695}
  CREATE_STREAM @3745000 {NAME:sseq T:Transactions SCOPE:uvm_test_top.env.agent.sequencer STREAM:1779}
  CREATE_STREAM @0 {NAME:wseq T:Transactions SCOPE:uvm_test_top.env.agent.sequencer STREAM:650}
  CREATE_STREAM @1025000 {NAME:rseq T:Transactions SCOPE:uvm_test_top.env.agent.sequencer STREAM:891}
  CREATE_STREAM @3425000 {NAME:wrseq T:Transactions SCOPE:uvm_test_top.env.agent.sequencer STREAM:1695}
  CREATE_STREAM @3745000 {NAME:sseq T:Transactions SCOPE:uvm_test_top.env.agent.sequencer STREAM:1779}
  CREATE_STREAM @0 {NAME:wseq T:Transactions SCOPE:uvm_test_top.env.agent.sequencer STREAM:650}
  CREATE_STREAM @1025000 {NAME:rseq T:Transactions SCOPE:uvm_test_top.env.agent.sequencer STREAM:891}
  CREATE_STREAM @3425000 {NAME:wrseq T:Transactions SCOPE:uvm_test_top.env.agent.sequencer STREAM:1695}
  CREATE_STREAM @3745000 {NAME:sseq T:Transactions SCOPE:uvm_test_top.env.agent.sequencer STREAM:1779}
  CREATE_STREAM @0 {NAME:seq T:Transactions SCOPE:uvm_test_top.env.agent.sequencer STREAM:634}
  CREATE_STREAM @0 {NAME:wseq T:Transactions SCOPE:uvm_test_top.env.agent.sequencer STREAM:650}
  CREATE_STREAM @1025000 {NAME:rseq T:Transactions SCOPE:uvm_test_top.env.agent.sequencer STREAM:891}
  CREATE_STREAM @3425000 {NAME:wrseq T:Transactions SCOPE:uvm_test_top.env.agent.sequencer STREAM:1695}
  CREATE_STREAM @3745000 {NAME:sseq T:Transactions SCOPE:uvm_test_top.env.agent.sequencer STREAM:1779}
  CREATE_STREAM @0 {NAME:seq T:Transactions SCOPE:uvm_test_top.env.agent.sequencer STREAM:634}
  CREATE_STREAM @0 {NAME:wseq T:Transactions SCOPE:uvm_test_top.env.agent.sequencer STREAM:650}
  CREATE_STREAM @1025000 {NAME:rseq T:Transactions SCOPE:uvm_test_top.env.agent.sequencer STREAM:891}
  CREATE_STREAM @3425000 {NAME:wrseq T:Transactions SCOPE:uvm_test_top.env.agent.sequencer STREAM:1695}
  CREATE_STREAM @3745000 {NAME:sseq T:Transactions SCOPE:uvm_test_top.env.agent.sequencer STREAM:1779}
  CREATE_STREAM @0 {NAME:item T:Transactions SCOPE:uvm_test_top.env.agent.sequencer STREAM:634}
  CREATE_STREAM @0 {NAME:wseq T:Transactions SCOPE:uvm_test_top.env.agent.sequencer STREAM:650}
  CREATE_STREAM @1025000 {NAME:rseq T:Transactions SCOPE:uvm_test_top.env.agent.sequencer STREAM:891}
  CREATE_STREAM @3425000 {NAME:wrseq T:Transactions SCOPE:uvm_test_top.env.agent.sequencer STREAM:1695}
  CREATE_STREAM @3745000 {NAME:sseq T:Transactions SCOPE:uvm_test_top.env.agent.sequencer STREAM:1779}
  CREATE_STREAM @0 {NAME:item T:Transactions SCOPE:uvm_test_top.env.agent.sequencer STREAM:634}
  CREATE_STREAM @0 {NAME:wseq T:Transactions SCOPE:uvm_test_top.env.agent.sequencer STREAM:650}
  CREATE_STREAM @1025000 {NAME:rseq T:Transactions SCOPE:uvm_test_top.env.agent.sequencer STREAM:891}
  CREATE_STREAM @3425000 {NAME:wrseq T:Transactions SCOPE:uvm_test_top.env.agent.sequencer STREAM:1695}
  CREATE_STREAM @3745000 {NAME:sseq T:Transactions SCOPE:uvm_test_top.env.agent.sequencer STREAM:1779}
  CREATE_STREAM @0 {NAME:item T:Transactions SCOPE:uvm_test_top.env.agent.sequencer STREAM:634}
  CREATE_STREAM @0 {NAME:wseq T:Transactions SCOPE:uvm_test_top.env.agent.sequencer STREAM:650}
  CREATE_STREAM @1025000 {NAME:rseq T:Transactions SCOPE:uvm_test_top.env.agent.sequencer STREAM:891}
  CREATE_STREAM @3425000 {NAME:wrseq T:Transactions SCOPE:uvm_test_top.env.agent.sequencer STREAM:1695}
  CREATE_STREAM @3745000 {NAME:sseq T:Transactions SCOPE:uvm_test_top.env.agent.sequencer STREAM:1779}
  CREATE_STREAM @0 {NAME:item T:Transactions SCOPE:uvm_test_top.env.agent.sequencer STREAM:634}
